# [CentOS7] 대용량 하드디스크 인식시키기

2018-04-10<br>

<br>

#### 하드디스크 추가 <br>

```
전원 끈 centos7 -> 설정 -> 저장소 -> 컨트롤러: SATA에서 네모난 거(하드디스크를 추가합니다.) 클릭 
-> 새 디스크 만들기 -> VDI -> 동적할당 -> 8GB -> 만들기 -> 전원 켜주기

출처 : http://yearningsoul.tistory.com/entry/%EB%A6%AC%EB%88%85%EC%8A%A4-%ED%95%98%EB%93%9C%EB%94%94%EC%8A%A4%ED%81%AC-%EC%B6%94%EA%B0%80-%ED%8F%AC%EB%A7%B7-%EB%A7%88%EC%9A%B4%ED%8A%B8%ED%95%98%EA%B8%B0
```

<br>

#### 전원 켜고 하드디스크 추가된 것 확인 => /dev/sdb: 8589 MB <br>

```
[root@localhost ~]# fdisk -l

Disk /dev/sda: 16.1 GB, 16106127360 bytes, 31457280 sectors
Units = sectors of 1 * 512 = 512 bytes
Sector size (logical/physical): 512 bytes / 512 bytes
I/O size (minimum/optimal): 512 bytes / 512 bytes
Disk label type: dos
Disk identifier: 0x000ab743

   Device Boot      Start         End      Blocks   Id  System
/dev/sda1   *        2048     2099199     1048576   83  Linux
/dev/sda2         2099200    31457279    14679040   8e  Linux LVM

Disk /dev/sdb: 8589 MB, 8589934592 bytes, 16777216 sectors
Units = sectors of 1 * 512 = 512 bytes
Sector size (logical/physical): 512 bytes / 512 bytes
I/O size (minimum/optimal): 512 bytes / 512 bytes


Disk /dev/mapper/centos-root: 13.4 GB, 13417578496 bytes, 26206208 sectors
Units = sectors of 1 * 512 = 512 bytes
Sector size (logical/physical): 512 bytes / 512 bytes
I/O size (minimum/optimal): 512 bytes / 512 bytes


Disk /dev/mapper/centos-swap: 1610 MB, 1610612736 bytes, 3145728 sectors
Units = sectors of 1 * 512 = 512 bytes
Sector size (logical/physical): 512 bytes / 512 bytes
I/O size (minimum/optimal): 512 bytes / 512 bytes

```

<br>

#### 파티션 생성(1) <br>

```
[root@localhost ~]# parted /dev/sdb
GNU Parted 3.1
Using /dev/sdb
Welcome to GNU Parted! Type 'help' to view a list of commands.

** rm1 & help -> 가이드 명령어
(parted) rm1
  align-check TYPE N                        check partition N for TYPE(min|opt) alignment
  help [COMMAND]                           print general help, or help on COMMAND
  mklabel,mktable LABEL-TYPE               create a new disklabel (partition table)
  mkpart PART-TYPE [FS-TYPE] START END     make a partition
  name NUMBER NAME                         name partition NUMBER as NAME
  print [devices|free|list,all|NUMBER]     display the partition table, available devices, free space, all found partitions, or a
        particular partition
  quit                                     exit program
  rescue START END                         rescue a lost partition near START and END
  rm NUMBER                                delete partition NUMBER
  select DEVICE                            choose the device to edit
  disk_set FLAG STATE                      change the FLAG on selected device
  disk_toggle [FLAG]                       toggle the state of FLAG on selected device
  set NUMBER FLAG STATE                    change the FLAG on partition NUMBER
  toggle [NUMBER [FLAG]]                   toggle the state of FLAG on partition NUMBER
  unit UNIT                                set the default unit to UNIT
  version                                  display the version number and copyright information of GNU Parted
(parted) help
  align-check TYPE N                        check partition N for TYPE(min|opt) alignment
  help [COMMAND]                           print general help, or help on COMMAND
  mklabel,mktable LABEL-TYPE               create a new disklabel (partition table)
  mkpart PART-TYPE [FS-TYPE] START END     make a partition
  name NUMBER NAME                         name partition NUMBER as NAME
  print [devices|free|list,all|NUMBER]     display the partition table, available devices, free space, all found partitions, or a
        particular partition
  quit                                     exit program
  rescue START END                         rescue a lost partition near START and END
  rm NUMBER                                delete partition NUMBER
  select DEVICE                            choose the device to edit
  disk_set FLAG STATE                      change the FLAG on selected device
  disk_toggle [FLAG]                       toggle the state of FLAG on selected device
  set NUMBER FLAG STATE                    change the FLAG on partition NUMBER
  toggle [NUMBER [FLAG]]                   toggle the state of FLAG on partition NUMBER
  unit UNIT                                set the default unit to UNIT
  version                                  display the version number and copyright information of GNU Parted

```

<br>

#### 파티션 생성 명령어 <br>

```
mklabel - 디스크 라벨을 생성
mkpart - 파티션 생성
unit - 명령어에서 사용할 단위를 설정
print - 파티션 생성 결과를 확인 하기 위한 명령어
```

<br>

#### 파티션 생성(2) <br>

```
[root@localhost ~]# parted /dev/sdb
GNU Parted 3.1
Using /dev/sdb
Welcome to GNU Parted! Type 'help' to view a list of commands.

(parted) mklabel gpt
Disk Flags:
Number  Start  End  Size  File system  Name  Flags

(parted) unit GB
(parted) mkpart primary 0GB 8GB

- 파티션 생성된 것 확인
(parted) print
Model: ATA VBOX HARDDISK (scsi)
Disk /dev/sdb: 8.59GB
Sector size (logical/physical): 512B/512B
Partition Table: gpt
Disk Flags:

Number  Start   End     Size    File system  Name     Flags
 1      0.00GB  8.00GB  8.00GB               primary


-빠져나오기
(parted) q
Information: You may need to update /etc/fstab.
[root@localhost ~]#

```

<br>

#### 포맷하기 <br>

```
mkfs.ext4 /dev/sdb1
mke2fs 1.42.9 (28-Dec-2013)
Filesystem label=
OS type: Linux
Block size=4096 (log=2)
Fragment size=4096 (log=2)
Stride=0 blocks, Stripe width=0 blocks
488640 inodes, 1952768 blocks
97638 blocks (5.00%) reserved for the super user
First data block=0
Maximum filesystem blocks=2000683008
60 block groups
32768 blocks per group, 32768 fragments per group
8144 inodes per group
Superblock backups stored on blocks:
        32768, 98304, 163840, 229376, 294912, 819200, 884736, 1605632

Allocating group tables: done
Writing inode tables: done
Creating journal (32768 blocks): done
Writing superblocks and filesystem accounting information: done

```

<br>

#### 파티션 생성 (3) <br>

```
useradd -m -d /home1/irteam irteam
useradd -m -d /home1/irteamsu irteamsu
passwd irteam
passwd irteamsu
cd /etc/sysconfig
cd network-scripts/
vi ifcfg-enp0s8
    TYPE=Ethernet
    PROXY_METHOD=none
    BROWSER_ONLY=no
    BOOTPROTO=static
    IPADDR=192.168.56.100
    DEFROUTE=yes
    IPV4_FAILURE_FATAL=no
    IPV6INIT=yes
    IPV6_AUTOCONF=yes
    IPV6_DEFROUTE=yes
    IPV6_FAILURE_FATAL=no
    IPV6_ADDR_GEN_MODE=stable-privacy
    NAME=enp0s8
    UUID=420e52f3-ecc5-4397-851b-09f975fc316c
    DEVICE=enp0s8
    ONBOOT=yes

systemctl restart network
visudo -f /etc/sudoers
root    ALL=(ALL)       ALL
irteamsu ALL=(ALL) NOPASSWD: ALL

```

<br>

#### 마운트 시키기 <br>

```
cd /home1/irteam
mkdir hdd1
chmod 777 hdd1/

[root@localhost irteam]# mount /dev/sdb1 /home1/irteam/hdd1/
```

<br>

## 자동 마운트 - /etc/fstab 파일 수정

#### 재부팅마다 자동 마운트 하는 방법<br>

 1)  하드디스크의 uuid 확인 <br>

blkid 명령어 사용<br>

```
[root@localhost irteam]#   blkid
/dev/mapper/centos-root: UUID="8de46d4b-add9-48e9-abb5-b96621bd6c05" TYPE="xfs"
/dev/sda2: UUID="T38l57-8rvC-YxMa-EQHu-uMiK-d60t-xtSgnd" TYPE="LVM2_member"
/dev/sda1: UUID="e58f004b-a0da-4a16-896b-52106cd98da5" TYPE="xfs"
/dev/mapper/centos-swap: UUID="928ab478-1e28-48eb-b44e-2cef84aa6976" TYPE="swap"
/dev/sdb1: UUID="0005d2f1-4573-4102-995e-639132775b37" TYPE="ext4" PARTLABEL="primary" PARTUUID="d2dc518a-5824-4e48-adec-76e8ef8b0495" 
```

<br>

2-1) /dev/sda1 의 uuid 를 복사한 후 vi에디터로 /etc/fstab파일을 오픈합니다.<br>

```
0005d2f1-4573-4102-995e-639132775b37
TYPE="ext4"

맨 밑에 아래 줄 추가
vi /etc/fstab
UUID=0005d2f1-4573-4102-995e-639132775b37 /home1/irteam/hdd1 ext4 defaults 0 0

(예시) UUID=e58f004b-a0da-4a16-896b-52106cd98da5 /home1/irteam/hdd1 xfs defaults 0 0

ext4와 xfs의 차이점
https://m.blog.naver.com/PostView.nhn?blogId=hymne&logNo=220976678541&proxyReferer=https%3A%2F%2Fwww.google.co.kr%2F
```

<br>2-2)  UUID=e58f004b-a0da-4a16-896b-52106cd98da5 /home1/irteam/hdd1 xfs defaults 0 0 설명 <br>

```
첫번째 칸: 마운트할 장치나 원격 파일 시스템 설정(예 : uuid, /dev/sdb, /dev/cdrom)
두번째 칸: 마운트할 위치 (예: /home1/irteam/hdd1)
세번째 칸: 파일시스템의 종류(예: ext2, ext3, ext4, ntfs,fat, xfs )
네번째 칸: 옵션
	-> default - rw, nouser, auto , exec, suid 속성을 모두 가짐
	-> noauto - 부팅 시 자동마운트 하지 않음
	-> auto - 부팅 시 자동 마운트
	-> exec - 실행파일이 실행되는 것을 허용 함
	-> noexec - 실행파일이 실행되는 것을 허용하지 않음
	-> ro - 읽기전용
	-> rw - 읽기쓰기
	-> user - 일반 user 마운트 가능
	-> nouser - root만 마운트 가능
	-> suid - setuid와 setgid를 수정함
	
다섯번째 칸: dump 설정(0 => dump 명령어로 dump 되지 않음. 1 => dump 명령어로 dump 가능)
여섯번째 칸: 파일 점검 옵션
	-> 0 - 부팅 시 실행되는 fsck가 실행되지 않음
	-> 1 - 루트 파일 시스템
	-> 2 - 루트 파일 시스템 이외
```

<br>

3-1)  mount -a 명령어는 /etc/fstab 에저장된 정보를 모두 마운트 시키는 명령어<br>

```
mount -a
```

<br>

3-2) df -h 마운트된 정보를 확인할 수있는 명령어<br>

```
[root@localhost irteam]# df -h
Filesystem               Size  Used Avail Use% Mounted on
/dev/mapper/centos-root   13G  2.7G  9.9G  21% /
devtmpfs                 1.9G     0  1.9G   0% /dev
tmpfs                    1.9G     0  1.9G   0% /dev/shm
tmpfs                    1.9G  8.4M  1.9G   1% /run
tmpfs                    1.9G     0  1.9G   0% /sys/fs/cgroup
/dev/sda1               1014M  142M  873M  14% /boot
/dev/sdb1                7.3G   34M  6.8G   1% /home1/irteam/hdd1
tmpfs                    377M     0  377M   0% /run/user/0


/dev/sdb1                7.3G   34M  6.8G   1% /home1/irteam/hdd1
가 생겼다!!!!!!!! => 정상 마운트~~
```

 <br>

출처: https://suwoni-codelab.com/linux/2017/05/22/Linux-CentOS-hdd/ <br>

<br>
